PC1

Packet Tracer PC Command Line 1.0
C:\>ping 172.31.1.128

Pinging 172.31.1.128 with 32 bytes of data:

Reply from 172.31.1.1: Destination host unreachable.
Reply from 172.31.1.1: Destination host unreachable.
Request timed out.
Reply from 172.31.1.1: Destination host unreachable.

Ping statistics for 172.31.1.128:
    Packets: Sent = 4, Received = 0, Lost = 4 (100% loss),

C:\>ping 172.31.0.254

Pinging 172.31.0.254 with 32 bytes of data:

Reply from 172.31.1.1: Destination host unreachable.
Reply from 172.31.1.1: Destination host unreachable.
Reply from 172.31.1.1: Destination host unreachable.

Ping statistics for 172.31.0.254:
    Packets: Sent = 3, Received = 0, Lost = 3 (100% loss),

Control-C
^C
C:\>ping 172.31.0.254

Pinging 172.31.0.254 with 32 bytes of data:

Request timed out.

Ping statistics for 172.31.0.254:
    Packets: Sent = 1, Received = 0, Lost = 1 (100% loss),

Control-C
^C
CC:\>ping 172.31.1.254

Pinging 172.31.1.254 with 32 bytes of data:

Reply from 172.31.1.1: Destination host unreachable.
Request timed out.
Reply from 172.31.1.1: Destination host unreachable.
Reply from 172.31.1.1: Destination host unreachable.

Ping statistics for 172.31.1.254:
    Packets: Sent = 4, Received = 0, Lost = 4 (100% loss),

C:\>ping 172.31.1.128

Pinging 172.31.1.128 with 32 bytes of data:

Reply from 172.31.1.198: bytes=32 time=80ms TTL=253
Reply from 172.31.1.198: bytes=32 time=49ms TTL=253
Reply from 172.31.1.198: bytes=32 time=73ms TTL=253
Reply from 172.31.1.198: bytes=32 time=39ms TTL=253

Ping statistics for 172.31.1.128:
    Packets: Sent = 4, Received = 4, Lost = 0 (0% loss),
Approximate round trip times in milli-seconds:
    Minimum = 39ms, Maximum = 80ms, Average = 60ms

C:\>ping 172.31.0.254

Pinging 172.31.0.254 with 32 bytes of data:

Request timed out.
Reply from 172.31.0.254: bytes=32 time=64ms TTL=126
Reply from 172.31.0.254: bytes=32 time=25ms TTL=126
Reply from 172.31.0.254: bytes=32 time=28ms TTL=126

Ping statistics for 172.31.0.254:
    Packets: Sent = 4, Received = 3, Lost = 1 (25% loss),
Approximate round trip times in milli-seconds:
    Minimum = 25ms, Maximum = 64ms, Average = 39ms

C:\>ping 172.31.1.190

Pinging 172.31.1.190 with 32 bytes of data:

Request timed out.
Reply from 172.31.1.190: bytes=32 time=27ms TTL=125
Reply from 172.31.1.190: bytes=32 time=34ms TTL=125
Reply from 172.31.1.190: bytes=32 time=46ms TTL=125

Ping statistics for 172.31.1.190:
    Packets: Sent = 4, Received = 3, Lost = 1 (25% loss),
Approximate round trip times in milli-seconds:
    Minimum = 27ms, Maximum = 46ms, Average = 35ms

C:\>


R1

R1>en
R1#show ip route
Codes: L - local, C - connected, S - static, R - RIP, M - mobile, B - BGP
       D - EIGRP, EX - EIGRP external, O - OSPF, IA - OSPF inter area
       N1 - OSPF NSSA external type 1, N2 - OSPF NSSA external type 2
       E1 - OSPF external type 1, E2 - OSPF external type 2, E - EGP
       i - IS-IS, L1 - IS-IS level-1, L2 - IS-IS level-2, ia - IS-IS inter area
       * - candidate default, U - per-user static route, o - ODR
       P - periodic downloaded static route

Gateway of last resort is not set

     172.31.0.0/16 is variably subnetted, 4 subnets, 3 masks
C       172.31.1.0/25 is directly connected, GigabitEthernet0/0
L       172.31.1.1/32 is directly connected, GigabitEthernet0/0
C       172.31.1.192/30 is directly connected, Serial0/0/0
L       172.31.1.194/32 is directly connected, Serial0/0/0

R1>en
R1#conf t
Enter configuration commands, one per line.  End with CNTL/Z.
R1(config)#ip route 172.31.0.0 255.255.255.0 172.31.1.193
R1(config)#ip route 172.31.1.196 255.255.255.0 172.31.1.193
%Inconsistent address and mask
R1(config)#ip route 172.31.1.196 255.255.255.252 172.31.1.193
R1(config)#ip route 172.31.1.128 255.255.255.192 172.31.1.193
R1(config)#exit
R1#
%SYS-5-CONFIG_I: Configured from console by console

R1#show ip route
Codes: L - local, C - connected, S - static, R - RIP, M - mobile, B - BGP
       D - EIGRP, EX - EIGRP external, O - OSPF, IA - OSPF inter area
       N1 - OSPF NSSA external type 1, N2 - OSPF NSSA external type 2
       E1 - OSPF external type 1, E2 - OSPF external type 2, E - EGP
       i - IS-IS, L1 - IS-IS level-1, L2 - IS-IS level-2, ia - IS-IS inter area
       * - candidate default, U - per-user static route, o - ODR
       P - periodic downloaded static route

Gateway of last resort is not set

     172.31.0.0/16 is variably subnetted, 7 subnets, 5 masks
S       172.31.0.0/24 [1/0] via 172.31.1.193
C       172.31.1.0/25 is directly connected, GigabitEthernet0/0
L       172.31.1.1/32 is directly connected, GigabitEthernet0/0
S       172.31.1.128/26 [1/0] via 172.31.1.193
C       172.31.1.192/30 is directly connected, Serial0/0/0
L       172.31.1.194/32 is directly connected, Serial0/0/0
S       172.31.1.196/30 [1/0] via 172.31.1.193

R1#


R2

R2>en
R2#show ip route
Codes: L - local, C - connected, S - static, R - RIP, M - mobile, B - BGP
       D - EIGRP, EX - EIGRP external, O - OSPF, IA - OSPF inter area
       N1 - OSPF NSSA external type 1, N2 - OSPF NSSA external type 2
       E1 - OSPF external type 1, E2 - OSPF external type 2, E - EGP
       i - IS-IS, L1 - IS-IS level-1, L2 - IS-IS level-2, ia - IS-IS inter area
       * - candidate default, U - per-user static route, o - ODR
       P - periodic downloaded static route

Gateway of last resort is not set

     172.31.0.0/16 is variably subnetted, 6 subnets, 3 masks
C       172.31.0.0/24 is directly connected, GigabitEthernet0/0
L       172.31.0.1/32 is directly connected, GigabitEthernet0/0
C       172.31.1.192/30 is directly connected, Serial0/0/0
L       172.31.1.193/32 is directly connected, Serial0/0/0
C       172.31.1.196/30 is directly connected, Serial0/0/1
L       172.31.1.197/32 is directly connected, Serial0/0/1

R2#ip route 172.31.1.0 255.255.255.128 s0/0/0
      ^
% Invalid input detected at '^' marker.
	
R2#conf t
Enter configuration commands, one per line.  End with CNTL/Z.
R2(config)#ip route 172.31.1.0 255.255.255.128 s0/0/0
%Default route without gateway, if not a point-to-point interface, may impact performance
R2(config)#ip route 172.31.1.128 255.255.255.192 s0/0/1
%Default route without gateway, if not a point-to-point interface, may impact performance
R2(config)#

R2 con0 is now available

Press RETURN to get started.

R2>en
R2#show ip route
Codes: L - local, C - connected, S - static, R - RIP, M - mobile, B - BGP
       D - EIGRP, EX - EIGRP external, O - OSPF, IA - OSPF inter area
       N1 - OSPF NSSA external type 1, N2 - OSPF NSSA external type 2
       E1 - OSPF external type 1, E2 - OSPF external type 2, E - EGP
       i - IS-IS, L1 - IS-IS level-1, L2 - IS-IS level-2, ia - IS-IS inter area
       * - candidate default, U - per-user static route, o - ODR
       P - periodic downloaded static route

Gateway of last resort is not set

     172.31.0.0/16 is variably subnetted, 8 subnets, 5 masks
C       172.31.0.0/24 is directly connected, GigabitEthernet0/0
L       172.31.0.1/32 is directly connected, GigabitEthernet0/0
S       172.31.1.0/25 is directly connected, Serial0/0/0
S       172.31.1.128/26 is directly connected, Serial0/0/1
C       172.31.1.192/30 is directly connected, Serial0/0/0
L       172.31.1.193/32 is directly connected, Serial0/0/0
C       172.31.1.196/30 is directly connected, Serial0/0/1
L       172.31.1.197/32 is directly connected, Serial0/0/1

R2#
R2#


R3

R3>en
R3#conf t
Enter configuration commands, one per line.  End with CNTL/Z.
R3(config)#ip route 0.0.0.0 0.0.0.0 s0/0/1
%Default route without gateway, if not a point-to-point interface, may impact performance
R3(config)#exit
R3#
%SYS-5-CONFIG_I: Configured from console by console

R3#show ip route
Codes: L - local, C - connected, S - static, R - RIP, M - mobile, B - BGP
       D - EIGRP, EX - EIGRP external, O - OSPF, IA - OSPF inter area
       N1 - OSPF NSSA external type 1, N2 - OSPF NSSA external type 2
       E1 - OSPF external type 1, E2 - OSPF external type 2, E - EGP
       i - IS-IS, L1 - IS-IS level-1, L2 - IS-IS level-2, ia - IS-IS inter area
       * - candidate default, U - per-user static route, o - ODR
       P - periodic downloaded static route

Gateway of last resort is 0.0.0.0 to network 0.0.0.0

     172.31.0.0/16 is variably subnetted, 4 subnets, 3 masks
C       172.31.1.128/26 is directly connected, GigabitEthernet0/0
L       172.31.1.129/32 is directly connected, GigabitEthernet0/0
C       172.31.1.196/30 is directly connected, Serial0/0/1
L       172.31.1.198/32 is directly connected, Serial0/0/1
S*   0.0.0.0/0 is directly connected, Serial0/0/1

R3#